// Jest Snapshot v1, https://goo.gl/fbAQLP

exports[`error view renders error view 1`] = `
"<div>An error has occurred: function () {
        return fn.apply(this, arguments);
      }</div>"
`;
