// Jest Snapshot v1, https://goo.gl/fbAQLP

exports[`notifiation view renders notification view 1`] = `"<div class=\\"container\\"><div class=\\"notification\\"><p></p><p>X</p></div></div>"`;
